================================================== 
LeadFinder started: 17/09/2026  1:12:56.33 
Folder: C:\Users\User\Desktop\LeadFinder V2\LeadFinder 
================================================== 
Niche: ADvertising 
Area: Houston, TX 
Max leads: 20 
 
[info] Searching Google Places: ADvertising in Houston, TX
[search] Connecting to Google Places...
[search] Google Places response received.
[progress] Found 20 businesses. Starting website checks...

[progress] ===== Lead 1/20 =====
[lead] Symphony Advertising
       [web] Checking https://symphonyadvertising.com
       [web] Checking https://symphonyadvertising.com
       [web] Checking https://symphonyadvertising.com/contact
       [web] Checking https://symphonyadvertising.com/contact-us
       [web] Checking https://symphonyadvertising.com/contactus
       [web] Checking https://symphonyadvertising.com/about
       [web] Checking https://symphonyadvertising.com/about-us
       [web] Checking https://symphonyadvertising.com/get-in-touch
       [result] website=working, score=0/100 (LOW)

[progress] ===== Lead 2/20 =====
[lead] Love Advertising
       [web] Checking https://loveadv.com
       [web] Checking https://loveadv.com
       [web] Checking https://loveadv.com/contact
       [web] Checking https://loveadv.com/contact-us
       [web] Checking https://loveadv.com/contactus
       [web] Checking https://loveadv.com/about
       [web] Checking https://loveadv.com/about-us
       [web] Checking https://loveadv.com/get-in-touch
       [result] website=working, score=0/100 (LOW)

[progress] ===== Lead 3/20 =====
[lead] BrandNation
       [web] Checking https://gobrandnation.com
       [web] Checking https://gobrandnation.com
       [web] Checking https://gobrandnation.com/contact
       [web] Checking https://gobrandnation.com/contact-us
       [web] Checking https://gobrandnation.com/contactus
       [web] Checking https://gobrandnation.com/about
       [web] Checking https://gobrandnation.com/about-us
       [web] Checking https://gobrandnation.com/get-in-touch
       [result] website=working, score=0/100 (LOW)

[progress] ===== Lead 4/20 =====
[lead] Adcetera
       [web] Checking https://www.adcetera.com
       [web] Checking https://www.adcetera.com
       [web] Checking https://www.adcetera.com/contact
       [web] Checking https://www.adcetera.com/contact-us
       [web] Checking https://www.adcetera.com/contactus
       [web] Checking https://www.adcetera.com/about
       [web] Checking https://www.adcetera.com/about-us
       [web] Checking https://www.adcetera.com/get-in-touch
       [result] website=working, score=0/100 (LOW)

[progress] ===== Lead 5/20 =====
[lead] Strike Marketing
       [web] Checking http://www.strikemg.com
       [web] Checking http://www.strikemg.com
       [web] Checking http://www.strikemg.com/contact
       [web] Checking http://www.strikemg.com/contact-us
       [web] Checking http://www.strikemg.com/contactus
       [web] Checking http://www.strikemg.com/about
       [web] Checking http://www.strikemg.com/about-us
       [web] Checking http://www.strikemg.com/get-in-touch
       [result] website=working, score=0/100 (LOW)

[progress] ===== Lead 6/20 =====
[lead] Versa Creative
       [web] Checking https://www.versacreative.com
       [web] Checking https://www.versacreative.com
       [web] Checking https://www.versacreative.com/contact
       [web] Checking https://www.versacreative.com/contact-us
       [web] Checking https://www.versacreative.com/contactus
       [web] Checking https://www.versacreative.com/about
       [web] Checking https://www.versacreative.com/about-us
       [web] Checking https://www.versacreative.com/get-in-touch
       [result] website=working, score=15/100 (MEDIUM)

[progress] ===== Lead 7/20 =====
[lead] 9thWonder
       [web] Checking https://www.9thwonder.com
       [web] Checking https://www.9thwonder.com
       [web] Checking https://www.9thwonder.com/contact
       [web] Checking https://www.9thwonder.com/contact-us
       [web] Checking https://www.9thwonder.com/contactus
       [web] Checking https://www.9thwonder.com/about
       [web] Checking https://www.9thwonder.com/about-us
       [web] Checking https://www.9thwonder.com/get-in-touch
       [result] website=working, score=15/100 (MEDIUM)

[progress] ===== Lead 8/20 =====
[lead] AdsRole LLC
       [web] Checking https://www.adsrole.com
       [web] Checking https://www.adsrole.com
       [web] Checking https://www.adsrole.com/contact
       [web] Checking https://www.adsrole.com/contact-us
       [web] Checking https://www.adsrole.com/contactus
       [web] Checking https://www.adsrole.com/about
       [web] Checking https://www.adsrole.com/about-us
       [web] Checking https://www.adsrole.com/get-in-touch
       [result] website=working, score=0/100 (LOW)

[progress] ===== Lead 9/20 =====
[lead] SignAd Outdoor Advertising
       [web] Checking http://www.signad.com
       [result] website=broken, score=90/100 (HIGH)

[progress] ===== Lead 10/20 =====
[lead] Houston Digital Marketing
       [web] Checking https://houstondigitalmarketing.net
       [web] Checking https://houstondigitalmarketing.net
       [web] Checking https://houstondigitalmarketing.net/contact
       [web] Checking https://houstondigitalmarketing.net/contact-us
       [web] Checking https://houstondigitalmarketing.net/contactus
       [web] Checking https://houstondigitalmarketing.net/about
       [web] Checking https://houstondigitalmarketing.net/about-us
       [web] Checking https://houstondigitalmarketing.net/get-in-touch
       [result] website=working, score=0/100 (LOW)

[progress] ===== Lead 11/20 =====
[lead] OUTFRONT Media
       [web] Checking http://www.outfront.com
       [web] Checking http://www.outfront.com
       [web] Checking http://www.outfront.com/contact
       [web] Checking http://www.outfront.com/contact-us
       [web] Checking http://www.outfront.com/contactus
       [web] Checking http://www.outfront.com/about
       [web] Checking http://www.outfront.com/about-us
       [web] Checking http://www.outfront.com/get-in-touch
       [result] website=working, score=0/100 (LOW)

[progress] ===== Lead 12/20 =====
[lead] Carson Group Advertising Houston
       [web] Checking http://www.carsongroupadvertising.com
       [web] Checking http://www.carsongroupadvertising.com
       [web] Checking http://www.carsongroupadvertising.com/contact
       [web] Checking http://www.carsongroupadvertising.com/contact-us
       [web] Checking http://www.carsongroupadvertising.com/contactus
       [web] Checking http://www.carsongroupadvertising.com/about
       [web] Checking http://www.carsongroupadvertising.com/about-us
       [web] Checking http://www.carsongroupadvertising.com/get-in-touch
       [result] website=working, score=0/100 (LOW)

[progress] ===== Lead 13/20 =====
[lead] 5+8
       [web] Checking http://5plus8.com
       [web] Checking http://5plus8.com
       [web] Checking http://5plus8.com/contact
       [web] Checking http://5plus8.com/contact-us
       [web] Checking http://5plus8.com/contactus
       [web] Checking http://5plus8.com/about
       [web] Checking http://5plus8.com/about-us
       [web] Checking http://5plus8.com/get-in-touch
       [result] website=working, score=15/100 (MEDIUM)

[progress] ===== Lead 14/20 =====
[lead] Clear Channel Outdoor
       [web] Checking http://www.clearchanneloutdoor.com
       [web] Checking http://www.clearchanneloutdoor.com
       [web] Checking http://www.clearchanneloutdoor.com/contact
       [web] Checking http://www.clearchanneloutdoor.com/contact-us
       [web] Checking http://www.clearchanneloutdoor.com/contactus
       [web] Checking http://www.clearchanneloutdoor.com/about
       [web] Checking http://www.clearchanneloutdoor.com/about-us
       [web] Checking http://www.clearchanneloutdoor.com/get-in-touch
       [result] website=working, score=0/100 (LOW)

[progress] ===== Lead 15/20 =====
[lead] Fun Love Media
       [web] Checking https://www.funlovemedia.com
       [web] Checking https://www.funlovemedia.com
       [web] Checking https://www.funlovemedia.com/contact
       [web] Checking https://www.funlovemedia.com/contact-us
       [web] Checking https://www.funlovemedia.com/contactus
       [web] Checking https://www.funlovemedia.com/about
       [web] Checking https://www.funlovemedia.com/about-us
       [web] Checking https://www.funlovemedia.com/get-in-touch
       [result] website=working, score=0/100 (LOW)

[progress] ===== Lead 16/20 =====
[lead] Forthea Digital Marketing
       [web] Checking https://www.forthea.com
       [result] website=broken, score=90/100 (HIGH)

[progress] ===== Lead 17/20 =====
[lead] The Houston Marketing Agency
       [web] Checking https://thehoustonmarketingagency.com
       [web] Checking https://thehoustonmarketingagency.com
       [web] Checking https://thehoustonmarketingagency.com/contact
       [web] Checking https://thehoustonmarketingagency.com/contact-us
       [web] Checking https://thehoustonmarketingagency.com/contactus
       [web] Checking https://thehoustonmarketingagency.com/about
       [web] Checking https://thehoustonmarketingagency.com/about-us
       [web] Checking https://thehoustonmarketingagency.com/get-in-touch
       [result] website=working, score=0/100 (LOW)

[progress] ===== Lead 18/20 =====
[lead] Towers Advertising
       [result] website=no website, score=100/100 (HIGH)

[progress] ===== Lead 19/20 =====
[lead] Southern Fried Advertising
       [web] Checking http://www.southernfriedadvertising.com
       [web] Checking http://www.southernfriedadvertising.com
       [web] Checking http://www.southernfriedadvertising.com/contact
       [web] Checking http://www.southernfriedadvertising.com/contact-us
       [web] Checking http://www.southernfriedadvertising.com/contactus
       [web] Checking http://www.southernfriedadvertising.com/about
       [web] Checking http://www.southernfriedadvertising.com/about-us
       [web] Checking http://www.southernfriedadvertising.com/get-in-touch
       [result] website=working, score=0/100 (LOW)

[progress] ===== Lead 20/20 =====
[lead] Carlberg Branding & Advertising
       [web] Checking http://www.carlberg.com
       [web] Checking http://www.carlberg.com
       [web] Checking http://www.carlberg.com/contact
       [web] Checking http://www.carlberg.com/contact-us
       [web] Checking http://www.carlberg.com/contactus
       [web] Checking http://www.carlberg.com/about
       [web] Checking http://www.carlberg.com/about-us
       [web] Checking http://www.carlberg.com/get-in-touch
       [result] website=working, score=0/100 (LOW)
[progress] SORTED: HIGH=3 | MEDIUM=3 | LOW=14
[progress] Preparing 3 HIGH priority records...
       [handoff] HIGH: Towers Advertising
       [handoff] HIGH: SignAd Outdoor Advertising
       [handoff] HIGH: Forthea Digital Marketing
[progress] Preparing 3 MEDIUM priority records...
       [handoff] MEDIUM: Versa Creative
       [handoff] MEDIUM: 9thWonder
       [handoff] MEDIUM: 5+8
[progress] Preparing 14 LOW priority records...
       [handoff] LOW: Symphony Advertising
       [handoff] LOW: Love Advertising
       [handoff] LOW: BrandNation
       [handoff] LOW: Adcetera
       [handoff] LOW: Strike Marketing
       [handoff] LOW: AdsRole LLC
       [handoff] LOW: Houston Digital Marketing
       [handoff] LOW: OUTFRONT Media
       [handoff] LOW: Carson Group Advertising Houston
       [handoff] LOW: Clear Channel Outdoor
       [handoff] LOW: Fun Love Media
       [handoff] LOW: The Houston Marketing Agency
       [handoff] LOW: Southern Fried Advertising
       [handoff] LOW: Carlberg Branding & Advertising
[done] Wrote 20 leads to outputs\ADvertising - Houston, TX.csv
[batch] outputs\ADvertising - Houston, TX.csv
 
Finished: 17/09/2026  1:16:52.40 
Exit code: 0 
